<html>
<body>
<pre>
<h1>µVision Build Log</h1>
<h2>Tool Versions:</h2>
IDE-Version: ¦ÌVision V5.38.0.0
Copyright (C) 2022 ARM Ltd and ARM Germany GmbH. All rights reserved.
License Information: 1 Administrator, Administrator, LIC=PE7DL-0FPLN-NNVAF-6C5FS-T45U7-SSSRN
 
Tool Versions:
Toolchain:       MDK-ARM Plus  Version: 5.38.0.0
Toolchain Path:  C:\Keil_v5\ARM\ARMCC\Bin
C Compiler:      Armcc.exe V5.06 update 7 (build 960)
Assembler:       Armasm.exe V5.06 update 7 (build 960)
Linker/Locator:  ArmLink.exe V5.06 update 7 (build 960)
Library Manager: ArmAr.exe V5.06 update 7 (build 960)
Hex Converter:   FromElf.exe V5.06 update 7 (build 960)
CPU DLL:         SARMCM3.DLL V5.38.0.0
Dialog DLL:      DCM.DLL V1.17.5.0
Target DLL:      STLink\ST-LINKIII-KEIL_SWO.dll V3.1.0.0
Dialog DLL:      TCM.DLL V1.56.4.0
 
<h2>Project:</h2>
D:\Documents\Code\STM32\XM_Motor_H723_Demo\MDK-ARM\XM_Motor_H723_Demo.uvprojx
Project File Date:  08/09/2024

<h2>Output:</h2>
*** Using Compiler 'V5.06 update 7 (build 960)', folder: 'C:\Keil_v5\ARM\ARMCC\Bin'
Build target 'XM_Motor_H723_Demo'
assembling startup_stm32h723xx.s...
compiling stm32h7xx_hal_msp.c...
compiling stm32h7xx_hal_mdma.c...
compiling stm32h7xx_it.c...
compiling gpio.c...
compiling stm32h7xx_hal_i2c_ex.c...
compiling stm32h7xx_hal_flash_ex.c...
compiling memorymap.c...
compiling stm32h7xx_hal_hsem.c...
compiling fdcan.c...
compiling main.c...
../Motor/Inc/MI_motor_dev.h(30): warning:  #2532-D: support for trigraphs is disabled
                           motor_state_e;//????(????)
../Motor/Inc/MI_motor_dev.h(84): warning:  #1-D: last line of file ends without a newline
  #endif
../Core/Src/main.c(93): warning:  #188-D: enumerated type mixed with another type
  	HAL_GPIO_WritePin(CAN1_PWR_EN_GPIO_Port,CAN1_PWR_EN_Pin,1);
../Core/Src/main.c: 3 warnings, 0 errors
compiling stm32h7xx_hal_exti.c...
compiling stm32h7xx_hal_pwr.c...
compiling stm32h7xx_hal_flash.c...
compiling stm32h7xx_hal_cortex.c...
compiling stm32h7xx_hal_gpio.c...
compiling stm32h7xx_hal.c...
compiling stm32h7xx_hal_pwr_ex.c...
compiling stm32h7xx_hal_dma_ex.c...
compiling stm32h7xx_hal_rcc.c...
compiling stm32h7xx_hal_fdcan.c...
compiling stm32h7xx_hal_i2c.c...
compiling stm32h7xx_hal_rcc_ex.c...
compiling stm32h7xx_hal_dma.c...
compiling stm32h7xx_hal_tim.c...
compiling stm32h7xx_hal_tim_ex.c...
compiling system_stm32h7xx.c...
compiling MI_motor_dev.c...
../Motor/Inc/MI_motor_dev.h(30): warning:  #2532-D: support for trigraphs is disabled
                           motor_state_e;//????(????)
../Motor/Inc/MI_motor_dev.h(84): warning:  #1-D: last line of file ends without a newline
  #endif
..\Motor\Src\MI_motor_dev.c(41): warning:  #177-D: variable "mailbox"  was declared but never referenced
      uint32_t mailbox;
..\Motor\Src\MI_motor_dev.c(227): warning:  #188-D: enumerated type mixed with another type
                  hmotor->motor_state = i;
..\Motor\Src\MI_motor_dev.c(232): warning:  #188-D: enumerated type mixed with another type
      hmotor->motor_mode = state_byte;
..\Motor\Src\MI_motor_dev.c(272): warning:  #1-D: last line of file ends without a newline
  }
..\Motor\Src\MI_motor_dev.c: 6 warnings, 0 errors
linking...
Program Size: Code=10284 RO-data=872 RW-data=40 ZI-data=1880  
FromELF: creating hex file...
"XM_Motor_H723_Demo\XM_Motor_H723_Demo.axf" - 0 Error(s), 9 Warning(s).

<h2>Software Packages used:</h2>

Package Vendor: ARM
                http://www.keil.com/pack/ARM.CMSIS.5.9.0.pack
                ARM.CMSIS.5.9.0
                CMSIS (Common Microcontroller Software Interface Standard)
   * Component: CORE Version: 5.6.0

Package Vendor: Keil
                https://www.keil.com/pack/Keil.STM32H7xx_DFP.3.1.1.pack
                Keil.STM32H7xx_DFP.3.1.1
                STMicroelectronics STM32H7 Series Device Support and Examples

<h2>Collection of Component include folders:</h2>
  ./RTE/_XM_Motor_H723_Demo
  C:/Users/Leader/AppData/Local/Arm/Packs/ARM/CMSIS/5.9.0/CMSIS/Core/Include
  C:/Users/Leader/AppData/Local/Arm/Packs/Keil/STM32H7xx_DFP/3.1.1/Drivers/CMSIS/Device/ST/STM32H7xx/Include

<h2>Collection of Component Files used:</h2>

   * Component: ARM::CMSIS:CORE:5.6.0
      Include file:  CMSIS/Core/Include/tz_context.h
Build Time Elapsed:  00:00:17
</pre>
</body>
</html>
